// Jest Snapshot v1, https://goo.gl/fbAQLP

exports[`2 children delayed fade in 1`] = `
Array [
  <p>
    1
  </p>,
  <p>
    2
  </p>,
]
`;
